// Jest Snapshot v1, https://goo.gl/fbAQLP

exports[`Photo Component renders a Photo 1`] = `
<img
  src="/real/path/to/foto"
/>
`;
