// Jest Snapshot v1, https://goo.gl/fbAQLP

exports[`Footer component renders a Footer 1`] = `
<footer
  className="Footer"
>
  <p>
    by Marty M.
  </p>
</footer>
`;
