// Jest Snapshot v1, https://goo.gl/fbAQLP

exports[`CreateColor component renders a CreateColor 1`] = `
<form
  onSubmit={[Function]}
>
  <input
    name="name"
    onChange={[Function]}
    type="text"
    value=""
  />
  <input
    name="color"
    onChange={[Function]}
    type="color"
    value="#000000"
  />
  <button>
    AddColor
  </button>
</form>
`;
