// Jest Snapshot v1, https://goo.gl/fbAQLP

exports[`Sidebar component renders a sidebar 1`] = `
<nav
  className="Sidebar"
>
  <a
    href="thisisatest"
  >
    TEST
  </a>
</nav>
`;
